// Jest Snapshot v1, https://goo.gl/fbAQLP

exports[`<Main /> should render the heading 1`] = `
.c0 {
  height: 100vh;
  width: 100vw;
  display: -webkit-box;
  display: -webkit-flex;
  display: -ms-flexbox;
  display: flex;
  -webkit-flex-direction: column;
  -ms-flex-direction: column;
  flex-direction: column;
  -webkit-align-items: center;
  -webkit-box-align: center;
  -ms-flex-align: center;
  align-items: center;
  -webkit-box-pack: center;
  -webkit-justify-content: center;
  -ms-flex-pack: center;
  justify-content: center;
  background-color: #c0c0c0;
}

.c1 {
  display: -webkit-box;
  display: -webkit-flex;
  display: -ms-flexbox;
  display: flex;
  width: 350px;
  -webkit-align-items: center;
  -webkit-box-align: center;
  -ms-flex-align: center;
  align-items: center;
  -webkit-box-pack: justify;
  -webkit-justify-content: space-between;
  -ms-flex-pack: justify;
  justify-content: space-between;
}

.c2 {
  font-size: 3.2rem;
  color: #fafafa;
}

<main
  class="c0"
>
  <div
    class="c1"
  >
    <img
      alt="Logo Next"
      height="150"
      src="./img/nextjs-black-logo.svg"
      width="150"
    />
    <img
      alt="Storybook Next"
      height="150"
      src="./img/storybook-default-logo.svg"
      width="150"
    />
  </div>
  <h1
    class="c2"
  >
    Next.js boilerplate!
  </h1>
</main>
`
